
> bkdocs-frontend@1.0.0 test
> jest __tests__/components/Profile/EditProfileScreen.test.tsx

node.exe : [baseline-browser-mapping] The data 
in this module is over two months old.  To 
ensure accurate Baseline data, please update: 
`npm i baseline-browser-mapping@latest -D`
At C:\Program Files\nodejs\npm.ps1:29 char:3
+   & $NODE_EXE $NPM_CLI_JS $args
+   ~~~~~~~~~~~~~~~~~~~~~~~~~~~~~
    + CategoryInfo          : NotSpecified: ([ba 
   seline-brows...ping@latest -D`:String) [], R  
  emoteException
    + FullyQualifiedErrorId : NativeCommandError
 
FAIL __tests__/components/Profile/EditProfileScre
en.test.tsx
  EditProfileScreen Component
    ├ù renders correctly with user data (48 ms)
    ├ù shows loading spinner (6 ms)
    ├ù validates empty name (3 ms)
    ├ù validates short name (2 ms)
    ├ù validates valid name update (2 ms)
    ├ù validates enrollment year (non-numeric) 
(1 ms)
    ├ù validates enrollment year range (1 ms)
    ├ù opens faculty modal and selects faculty 
(1 ms)
    ├ù updates avatar successfully (2 ms)
    ├ù handles api error on save (1 ms)
    ├ù handles image picker permission denied (1 
ms)

  ΓùÅ EditProfileScreen Component ΓÇ║ renders 
correctly with user data

    TypeError: Cannot read properties of 
undefined (reading 'displayName')

    [0m [90m 100 |[39m
     [90m 101 |[39m     it([32m'renders 
correctly with user data'[39m[33m,[39m 
[36masync[39m () [33m=>[39m {
    [31m[1m>[22m[39m[90m 102 |[39m         
render([33m<[39m[33mTestWrapper[39m[33m>[39
m[33m<[39m[33mEditProfileScreen[39m [33m/[3
9m[33m>[39m[33m<[39m[33m/[39m[33mTestWrapp
er[39m[33m>[39m)[33m;[39m
     [90m     |[39m               
[31m[1m^[22m[39m
     [90m 103 |[39m
     [90m 104 |[39m         
expect(screen[33m.[39mgetByText([32m'Chß╗ënh 
sß╗¡a hß╗ô 
s╞í'[39m))[33m.[39mtoBeTruthy()[33m;[39m
     [90m 105 |[39m         expect(screen[33m.
[39mgetByDisplayValue([32m'Test User'[39m))[3
3m.[39mtoBeTruthy()[33m;[39m[0m

      at displayName (node_modules/react-native-c
ss-interop/src/runtime/third-party-libs/react-nat
ive-safe-area-context.native.tsx:22:21)
      at Object.<anonymous> (node_modules/react-n
ative-css-interop/src/runtime/wrap-jsx.ts:21:39)
      at createInteropElement (node_modules/nativ
e-base/lib/commonjs/core/NativeBaseProvider.tsx:8
4:7)
      at Object.react-stack-bottom-frame (node_mo
dules/react-test-renderer/cjs/react-test-renderer
.development.js:13976:20)
      at renderWithHooks (node_modules/react-test
-renderer/cjs/react-test-renderer.development.js:
2866:22)
      at updateFunctionComponent (node_modules/re
act-test-renderer/cjs/react-test-renderer.develop
ment.js:6006:19)
      at beginWork (node_modules/react-test-rende
rer/cjs/react-test-renderer.development.js:7474:1
8)
      at runWithFiberInDEV (node_modules/react-te
st-renderer/cjs/react-test-renderer.development.j
s:1574:13)
      at performUnitOfWork (node_modules/react-te
st-renderer/cjs/react-test-renderer.development.j
s:10972:22)
      at workLoopSync (node_modules/react-test-re
nderer/cjs/react-test-renderer.development.js:108
16:41)
      at renderRootSync (node_modules/react-test-
renderer/cjs/react-test-renderer.development.js:1
0797:11)
      at performWorkOnRoot (node_modules/react-te
st-renderer/cjs/react-test-renderer.development.j
s:10384:39)
      at performWorkOnRootViaSchedulerTask (node_
modules/react-test-renderer/cjs/react-test-render
er.development.js:2094:7)
      at flushActQueue (node_modules/react/cjs/re
act.development.js:566:34)
      at Object.<anonymous>.process.env.NODE_ENV.
exports.act (node_modules/react/cjs/react.develop
ment.js:859:10)
      at actImplementation (node_modules/@testing
-library/react-native/src/act.ts:30:25)
      at renderWithAct (node_modules/@testing-lib
rary/react-native/src/render-act.ts:13:11)
      at renderInternal (node_modules/@testing-li
brary/react-native/src/render.tsx:69:33)
      at renderInternal (node_modules/@testing-li
brary/react-native/src/render.tsx:44:10)
      at Object.<anonymous> (__tests__/components
/Profile/EditProfileScreen.test.tsx:102:15)
      at asyncGeneratorStep (node_modules/@babel/
runtime/helpers/asyncToGenerator.js:3:17)
      at _next (node_modules/@babel/runtime/helpe
rs/asyncToGenerator.js:17:9)
      at node_modules/@babel/runtime/helpers/asyn
cToGenerator.js:22:7
      at Object.<anonymous> (node_modules/@babel/
runtime/helpers/asyncToGenerator.js:14:12)

  ΓùÅ EditProfileScreen Component ΓÇ║ shows 
loading spinner

    TypeError: Cannot read properties of 
undefined (reading 'displayName')

    [0m [90m 113 |[39m         
useFetchUserProfile[33m.[39mmockReturnValue({ 
data[33m:[39m [36mnull[39m[33m,[39m 
isLoading[33m:[39m [36mtrue[39m })[33m;[39m
     [90m 114 |[39m
    [31m[1m>[22m[39m[90m 115 |[39m         
render([33m<[39m[33mTestWrapper[39m[33m>[39
m[33m<[39m[33mEditProfileScreen[39m [33m/[3
9m[33m>[39m[33m<[39m[33m/[39m[33mTestWrapp
er[39m[33m>[39m)[33m;[39m
     [90m     |[39m               
[31m[1m^[22m[39m
     [90m 116 |[39m         [90m// Takes 
assumption that Spinner is rendered (NB Spinner 
doesn't have text, but maybe verify 
non-existence of form)[39m
     [90m 117 |[39m         expect(screen[33m.
[39mqueryByText([32m'Chß╗ënh sß╗¡a hß╗ô 
s╞í'[39m))[33m.[39mtoBeFalsy()[33m;[39m
     [90m 118 |[39m     })[33m;[39m[0m

      at displayName (node_modules/react-native-c
ss-interop/src/runtime/third-party-libs/react-nat
ive-safe-area-context.native.tsx:22:21)
      at Object.<anonymous> (node_modules/react-n
ative-css-interop/src/runtime/wrap-jsx.ts:21:39)
      at createInteropElement (node_modules/nativ
e-base/lib/commonjs/core/NativeBaseProvider.tsx:8
4:7)
      at Object.react-stack-bottom-frame (node_mo
dules/react-test-renderer/cjs/react-test-renderer
.development.js:13976:20)
      at renderWithHooks (node_modules/react-test
-renderer/cjs/react-test-renderer.development.js:
2866:22)
      at updateFunctionComponent (node_modules/re
act-test-renderer/cjs/react-test-renderer.develop
ment.js:6006:19)
      at beginWork (node_modules/react-test-rende
rer/cjs/react-test-renderer.development.js:7474:1
8)
      at runWithFiberInDEV (node_modules/react-te
st-renderer/cjs/react-test-renderer.development.j
s:1574:13)
      at performUnitOfWork (node_modules/react-te
st-renderer/cjs/react-test-renderer.development.j
s:10972:22)
      at workLoopSync (node_modules/react-test-re
nderer/cjs/react-test-renderer.development.js:108
16:41)
      at renderRootSync (node_modules/react-test-
renderer/cjs/react-test-renderer.development.js:1
0797:11)
      at performWorkOnRoot (node_modules/react-te
st-renderer/cjs/react-test-renderer.development.j
s:10384:39)
      at performWorkOnRootViaSchedulerTask (node_
modules/react-test-renderer/cjs/react-test-render
er.development.js:2094:7)
      at flushActQueue (node_modules/react/cjs/re
act.development.js:566:34)
      at Object.<anonymous>.process.env.NODE_ENV.
exports.act (node_modules/react/cjs/react.develop
ment.js:859:10)
      at actImplementation (node_modules/@testing
-library/react-native/src/act.ts:30:25)
      at renderWithAct (node_modules/@testing-lib
rary/react-native/src/render-act.ts:13:11)
      at renderInternal (node_modules/@testing-li
brary/react-native/src/render.tsx:69:33)
      at renderInternal (node_modules/@testing-li
brary/react-native/src/render.tsx:44:10)
      at Object.<anonymous> (__tests__/components
/Profile/EditProfileScreen.test.tsx:115:15)

  ΓùÅ EditProfileScreen Component ΓÇ║ validates 
empty name

    TypeError: Cannot read properties of 
undefined (reading 'displayName')

    [0m [90m 119 |[39m
     [90m 120 |[39m     it([32m'validates 
empty name'[39m[33m,[39m [36masync[39m () 
[33m=>[39m {
    [31m[1m>[22m[39m[90m 121 |[39m         
render([33m<[39m[33mTestWrapper[39m[33m>[39
m[33m<[39m[33mEditProfileScreen[39m [33m/[3
9m[33m>[39m[33m<[39m[33m/[39m[33mTestWrapp
er[39m[33m>[39m)[33m;[39m
     [90m     |[39m               
[31m[1m^[22m[39m
     [90m 122 |[39m
     [90m 123 |[39m         [36mconst[39m 
nameInput [33m=[39m 
screen[33m.[39mgetByTestID([32m'input-Hß╗ì 
v├á t├¬n'[39m)[33m;[39m
     [90m 124 |[39m         fireEvent[33m.[39
mchangeText(nameInput[33m,[39m 
[32m''[39m)[33m;[39m[0m

      at displayName (node_modules/react-native-c
ss-interop/src/runtime/third-party-libs/react-nat
ive-safe-area-context.native.tsx:22:21)
      at Object.<anonymous> (node_modules/react-n
ative-css-interop/src/runtime/wrap-jsx.ts:21:39)
      at createInteropElement (node_modules/nativ
e-base/lib/commonjs/core/NativeBaseProvider.tsx:8
4:7)
      at Object.react-stack-bottom-frame (node_mo
dules/react-test-renderer/cjs/react-test-renderer
.development.js:13976:20)
      at renderWithHooks (node_modules/react-test
-renderer/cjs/react-test-renderer.development.js:
2866:22)
      at updateFunctionComponent (node_modules/re
act-test-renderer/cjs/react-test-renderer.develop
ment.js:6006:19)
      at beginWork (node_modules/react-test-rende
rer/cjs/react-test-renderer.development.js:7474:1
8)
      at runWithFiberInDEV (node_modules/react-te
st-renderer/cjs/react-test-renderer.development.j
s:1574:13)
      at performUnitOfWork (node_modules/react-te
st-renderer/cjs/react-test-renderer.development.j
s:10972:22)
      at workLoopSync (node_modules/react-test-re
nderer/cjs/react-test-renderer.development.js:108
16:41)
      at renderRootSync (node_modules/react-test-
renderer/cjs/react-test-renderer.development.js:1
0797:11)
      at performWorkOnRoot (node_modules/react-te
st-renderer/cjs/react-test-renderer.development.j
s:10384:39)
      at performWorkOnRootViaSchedulerTask (node_
modules/react-test-renderer/cjs/react-test-render
er.development.js:2094:7)
      at flushActQueue (node_modules/react/cjs/re
act.development.js:566:34)
      at Object.<anonymous>.process.env.NODE_ENV.
exports.act (node_modules/react/cjs/react.develop
ment.js:859:10)
      at actImplementation (node_modules/@testing
-library/react-native/src/act.ts:30:25)
      at renderWithAct (node_modules/@testing-lib
rary/react-native/src/render-act.ts:13:11)
      at renderInternal (node_modules/@testing-li
brary/react-native/src/render.tsx:69:33)
      at renderInternal (node_modules/@testing-li
brary/react-native/src/render.tsx:44:10)
      at Object.<anonymous> (__tests__/components
/Profile/EditProfileScreen.test.tsx:121:15)
      at asyncGeneratorStep (node_modules/@babel/
runtime/helpers/asyncToGenerator.js:3:17)
      at _next (node_modules/@babel/runtime/helpe
rs/asyncToGenerator.js:17:9)
      at node_modules/@babel/runtime/helpers/asyn
cToGenerator.js:22:7
      at Object.<anonymous> (node_modules/@babel/
runtime/helpers/asyncToGenerator.js:14:12)

  ΓùÅ EditProfileScreen Component ΓÇ║ validates 
short name

    TypeError: Cannot read properties of 
undefined (reading 'displayName')

    [0m [90m 131 |[39m
     [90m 132 |[39m     it([32m'validates 
short name'[39m[33m,[39m [36masync[39m () 
[33m=>[39m {
    [31m[1m>[22m[39m[90m 133 |[39m         
render([33m<[39m[33mTestWrapper[39m[33m>[39
m[33m<[39m[33mEditProfileScreen[39m [33m/[3
9m[33m>[39m[33m<[39m[33m/[39m[33mTestWrapp
er[39m[33m>[39m)[33m;[39m
     [90m     |[39m               
[31m[1m^[22m[39m
     [90m 134 |[39m
     [90m 135 |[39m         [36mconst[39m 
nameInput [33m=[39m 
screen[33m.[39mgetByTestID([32m'input-Hß╗ì 
v├á t├¬n'[39m)[33m;[39m
     [90m 136 |[39m         fireEvent[33m.[39
mchangeText(nameInput[33m,[39m 
[32m'A'[39m)[33m;[39m[0m

      at displayName (node_modules/react-native-c
ss-interop/src/runtime/third-party-libs/react-nat
ive-safe-area-context.native.tsx:22:21)
      at Object.<anonymous> (node_modules/react-n
ative-css-interop/src/runtime/wrap-jsx.ts:21:39)
      at createInteropElement (node_modules/nativ
e-base/lib/commonjs/core/NativeBaseProvider.tsx:8
4:7)
      at Object.react-stack-bottom-frame (node_mo
dules/react-test-renderer/cjs/react-test-renderer
.development.js:13976:20)
      at renderWithHooks (node_modules/react-test
-renderer/cjs/react-test-renderer.development.js:
2866:22)
      at updateFunctionComponent (node_modules/re
act-test-renderer/cjs/react-test-renderer.develop
ment.js:6006:19)
      at beginWork (node_modules/react-test-rende
rer/cjs/react-test-renderer.development.js:7474:1
8)
      at runWithFiberInDEV (node_modules/react-te
st-renderer/cjs/react-test-renderer.development.j
s:1574:13)
      at performUnitOfWork (node_modules/react-te
st-renderer/cjs/react-test-renderer.development.j
s:10972:22)
      at workLoopSync (node_modules/react-test-re
nderer/cjs/react-test-renderer.development.js:108
16:41)
      at renderRootSync (node_modules/react-test-
renderer/cjs/react-test-renderer.development.js:1
0797:11)
      at performWorkOnRoot (node_modules/react-te
st-renderer/cjs/react-test-renderer.development.j
s:10384:39)
      at performWorkOnRootViaSchedulerTask (node_
modules/react-test-renderer/cjs/react-test-render
er.development.js:2094:7)
      at flushActQueue (node_modules/react/cjs/re
act.development.js:566:34)
      at Object.<anonymous>.process.env.NODE_ENV.
exports.act (node_modules/react/cjs/react.develop
ment.js:859:10)
      at actImplementation (node_modules/@testing
-library/react-native/src/act.ts:30:25)
      at renderWithAct (node_modules/@testing-lib
rary/react-native/src/render-act.ts:13:11)
      at renderInternal (node_modules/@testing-li
brary/react-native/src/render.tsx:69:33)
      at renderInternal (node_modules/@testing-li
brary/react-native/src/render.tsx:44:10)
      at Object.<anonymous> (__tests__/components
/Profile/EditProfileScreen.test.tsx:133:15)
      at asyncGeneratorStep (node_modules/@babel/
runtime/helpers/asyncToGenerator.js:3:17)
      at _next (node_modules/@babel/runtime/helpe
rs/asyncToGenerator.js:17:9)
      at node_modules/@babel/runtime/helpers/asyn
cToGenerator.js:22:7
      at Object.<anonymous> (node_modules/@babel/
runtime/helpers/asyncToGenerator.js:14:12)

  ΓùÅ EditProfileScreen Component ΓÇ║ validates 
valid name update

    TypeError: Cannot read properties of 
undefined (reading 'displayName')

    [0m [90m 143 |[39m
     [90m 144 |[39m     it([32m'validates 
valid name update'[39m[33m,[39m 
[36masync[39m () [33m=>[39m {
    [31m[1m>[22m[39m[90m 145 |[39m         
render([33m<[39m[33mTestWrapper[39m[33m>[39
m[33m<[39m[33mEditProfileScreen[39m [33m/[3
9m[33m>[39m[33m<[39m[33m/[39m[33mTestWrapp
er[39m[33m>[39m)[33m;[39m
     [90m     |[39m               
[31m[1m^[22m[39m
     [90m 146 |[39m
     [90m 147 |[39m         [36mconst[39m 
nameInput [33m=[39m 
screen[33m.[39mgetByTestID([32m'input-Hß╗ì 
v├á t├¬n'[39m)[33m;[39m
     [90m 148 |[39m         fireEvent[33m.[39
mchangeText(nameInput[33m,[39m [32m'New 
Name'[39m)[33m;[39m[0m

      at displayName (node_modules/react-native-c
ss-interop/src/runtime/third-party-libs/react-nat
ive-safe-area-context.native.tsx:22:21)
      at Object.<anonymous> (node_modules/react-n
ative-css-interop/src/runtime/wrap-jsx.ts:21:39)
      at createInteropElement (node_modules/nativ
e-base/lib/commonjs/core/NativeBaseProvider.tsx:8
4:7)
      at Object.react-stack-bottom-frame (node_mo
dules/react-test-renderer/cjs/react-test-renderer
.development.js:13976:20)
      at renderWithHooks (node_modules/react-test
-renderer/cjs/react-test-renderer.development.js:
2866:22)
      at updateFunctionComponent (node_modules/re
act-test-renderer/cjs/react-test-renderer.develop
ment.js:6006:19)
      at beginWork (node_modules/react-test-rende
rer/cjs/react-test-renderer.development.js:7474:1
8)
      at runWithFiberInDEV (node_modules/react-te
st-renderer/cjs/react-test-renderer.development.j
s:1574:13)
      at performUnitOfWork (node_modules/react-te
st-renderer/cjs/react-test-renderer.development.j
s:10972:22)
      at workLoopSync (node_modules/react-test-re
nderer/cjs/react-test-renderer.development.js:108
16:41)
      at renderRootSync (node_modules/react-test-
renderer/cjs/react-test-renderer.development.js:1
0797:11)
      at performWorkOnRoot (node_modules/react-te
st-renderer/cjs/react-test-renderer.development.j
s:10384:39)
      at performWorkOnRootViaSchedulerTask (node_
modules/react-test-renderer/cjs/react-test-render
er.development.js:2094:7)
      at flushActQueue (node_modules/react/cjs/re
act.development.js:566:34)
      at Object.<anonymous>.process.env.NODE_ENV.
exports.act (node_modules/react/cjs/react.develop
ment.js:859:10)
      at actImplementation (node_modules/@testing
-library/react-native/src/act.ts:30:25)
      at renderWithAct (node_modules/@testing-lib
rary/react-native/src/render-act.ts:13:11)
      at renderInternal (node_modules/@testing-li
brary/react-native/src/render.tsx:69:33)
      at renderInternal (node_modules/@testing-li
brary/react-native/src/render.tsx:44:10)
      at Object.<anonymous> (__tests__/components
/Profile/EditProfileScreen.test.tsx:145:15)
      at asyncGeneratorStep (node_modules/@babel/
runtime/helpers/asyncToGenerator.js:3:17)
      at _next (node_modules/@babel/runtime/helpe
rs/asyncToGenerator.js:17:9)
      at node_modules/@babel/runtime/helpers/asyn
cToGenerator.js:22:7
      at Object.<anonymous> (node_modules/@babel/
runtime/helpers/asyncToGenerator.js:14:12)

  ΓùÅ EditProfileScreen Component ΓÇ║ validates 
enrollment year (non-numeric)

    TypeError: Cannot read properties of 
undefined (reading 'displayName')

    [0m [90m 156 |[39m
     [90m 157 |[39m     it([32m'validates 
enrollment year (non-numeric)'[39m[33m,[39m 
[36masync[39m () [33m=>[39m {
    [31m[1m>[22m[39m[90m 158 |[39m         
render([33m<[39m[33mTestWrapper[39m[33m>[39
m[33m<[39m[33mEditProfileScreen[39m [33m/[3
9m[33m>[39m[33m<[39m[33m/[39m[33mTestWrapp
er[39m[33m>[39m)[33m;[39m
     [90m     |[39m               
[31m[1m^[22m[39m
     [90m 159 |[39m
     [90m 160 |[39m         [36mconst[39m 
yearInput [33m=[39m 
screen[33m.[39mgetByTestID([32m'input-Ni├¬n 
kho├í'[39m)[33m;[39m
     [90m 161 |[39m         [90m// The 
component logic: const numericValue = 
text.replace(/[^0-9]/g, ''); so it prevents 
non-numeric input effectively[39m[0m

      at displayName (node_modules/react-native-c
ss-interop/src/runtime/third-party-libs/react-nat
ive-safe-area-context.native.tsx:22:21)
      at Object.<anonymous> (node_modules/react-n
ative-css-interop/src/runtime/wrap-jsx.ts:21:39)
      at createInteropElement (node_modules/nativ
e-base/lib/commonjs/core/NativeBaseProvider.tsx:8
4:7)
      at Object.react-stack-bottom-frame (node_mo
dules/react-test-renderer/cjs/react-test-renderer
.development.js:13976:20)
      at renderWithHooks (node_modules/react-test
-renderer/cjs/react-test-renderer.development.js:
2866:22)
      at updateFunctionComponent (node_modules/re
act-test-renderer/cjs/react-test-renderer.develop
ment.js:6006:19)
      at beginWork (node_modules/react-test-rende
rer/cjs/react-test-renderer.development.js:7474:1
8)
      at runWithFiberInDEV (node_modules/react-te
st-renderer/cjs/react-test-renderer.development.j
s:1574:13)
      at performUnitOfWork (node_modules/react-te
st-renderer/cjs/react-test-renderer.development.j
s:10972:22)
      at workLoopSync (node_modules/react-test-re
nderer/cjs/react-test-renderer.development.js:108
16:41)
      at renderRootSync (node_modules/react-test-
renderer/cjs/react-test-renderer.development.js:1
0797:11)
      at performWorkOnRoot (node_modules/react-te
st-renderer/cjs/react-test-renderer.development.j
s:10384:39)
      at performWorkOnRootViaSchedulerTask (node_
modules/react-test-renderer/cjs/react-test-render
er.development.js:2094:7)
      at flushActQueue (node_modules/react/cjs/re
act.development.js:566:34)
      at Object.<anonymous>.process.env.NODE_ENV.
exports.act (node_modules/react/cjs/react.develop
ment.js:859:10)
      at actImplementation (node_modules/@testing
-library/react-native/src/act.ts:30:25)
      at renderWithAct (node_modules/@testing-lib
rary/react-native/src/render-act.ts:13:11)
      at renderInternal (node_modules/@testing-li
brary/react-native/src/render.tsx:69:33)
      at renderInternal (node_modules/@testing-li
brary/react-native/src/render.tsx:44:10)
      at Object.<anonymous> (__tests__/components
/Profile/EditProfileScreen.test.tsx:158:15)
      at asyncGeneratorStep (node_modules/@babel/
runtime/helpers/asyncToGenerator.js:3:17)
      at _next (node_modules/@babel/runtime/helpe
rs/asyncToGenerator.js:17:9)
      at node_modules/@babel/runtime/helpers/asyn
cToGenerator.js:22:7
      at Object.<anonymous> (node_modules/@babel/
runtime/helpers/asyncToGenerator.js:14:12)

  ΓùÅ EditProfileScreen Component ΓÇ║ validates 
enrollment year range

    TypeError: Cannot read properties of 
undefined (reading 'displayName')

    [0m [90m 173 |[39m
     [90m 174 |[39m     it([32m'validates 
enrollment year range'[39m[33m,[39m 
[36masync[39m () [33m=>[39m {
    [31m[1m>[22m[39m[90m 175 |[39m         
render([33m<[39m[33mTestWrapper[39m[33m>[39
m[33m<[39m[33mEditProfileScreen[39m [33m/[3
9m[33m>[39m[33m<[39m[33m/[39m[33mTestWrapp
er[39m[33m>[39m)[33m;[39m
     [90m     |[39m               
[31m[1m^[22m[39m
     [90m 176 |[39m         [36mconst[39m 
yearInput [33m=[39m 
screen[33m.[39mgetByTestID([32m'input-Ni├¬n 
kho├í'[39m)[33m;[39m
     [90m 177 |[39m
     [90m 178 |[39m         fireEvent[33m.[39
mchangeText(yearInput[33m,[39m 
[32m'1999'[39m)[33m;[39m[0m

      at displayName (node_modules/react-native-c
ss-interop/src/runtime/third-party-libs/react-nat
ive-safe-area-context.native.tsx:22:21)
      at Object.<anonymous> (node_modules/react-n
ative-css-interop/src/runtime/wrap-jsx.ts:21:39)
      at createInteropElement (node_modules/nativ
e-base/lib/commonjs/core/NativeBaseProvider.tsx:8
4:7)
      at Object.react-stack-bottom-frame (node_mo
dules/react-test-renderer/cjs/react-test-renderer
.development.js:13976:20)
      at renderWithHooks (node_modules/react-test
-renderer/cjs/react-test-renderer.development.js:
2866:22)
      at updateFunctionComponent (node_modules/re
act-test-renderer/cjs/react-test-renderer.develop
ment.js:6006:19)
      at beginWork (node_modules/react-test-rende
rer/cjs/react-test-renderer.development.js:7474:1
8)
      at runWithFiberInDEV (node_modules/react-te
st-renderer/cjs/react-test-renderer.development.j
s:1574:13)
      at performUnitOfWork (node_modules/react-te
st-renderer/cjs/react-test-renderer.development.j
s:10972:22)
      at workLoopSync (node_modules/react-test-re
nderer/cjs/react-test-renderer.development.js:108
16:41)
      at renderRootSync (node_modules/react-test-
renderer/cjs/react-test-renderer.development.js:1
0797:11)
      at performWorkOnRoot (node_modules/react-te
st-renderer/cjs/react-test-renderer.development.j
s:10384:39)
      at performWorkOnRootViaSchedulerTask (node_
modules/react-test-renderer/cjs/react-test-render
er.development.js:2094:7)
      at flushActQueue (node_modules/react/cjs/re
act.development.js:566:34)
      at Object.<anonymous>.process.env.NODE_ENV.
exports.act (node_modules/react/cjs/react.develop
ment.js:859:10)
      at actImplementation (node_modules/@testing
-library/react-native/src/act.ts:30:25)
      at renderWithAct (node_modules/@testing-lib
rary/react-native/src/render-act.ts:13:11)
      at renderInternal (node_modules/@testing-li
brary/react-native/src/render.tsx:69:33)
      at renderInternal (node_modules/@testing-li
brary/react-native/src/render.tsx:44:10)
      at Object.<anonymous> (__tests__/components
/Profile/EditProfileScreen.test.tsx:175:15)
      at asyncGeneratorStep (node_modules/@babel/
runtime/helpers/asyncToGenerator.js:3:17)
      at _next (node_modules/@babel/runtime/helpe
rs/asyncToGenerator.js:17:9)
      at node_modules/@babel/runtime/helpers/asyn
cToGenerator.js:22:7
      at Object.<anonymous> (node_modules/@babel/
runtime/helpers/asyncToGenerator.js:14:12)

  ΓùÅ EditProfileScreen Component ΓÇ║ opens 
faculty modal and selects faculty

    TypeError: Cannot read properties of 
undefined (reading 'displayName')

    [0m [90m 188 |[39m
     [90m 189 |[39m     it([32m'opens faculty 
modal and selects faculty'[39m[33m,[39m 
[36masync[39m () [33m=>[39m {
    [31m[1m>[22m[39m[90m 190 |[39m         
render([33m<[39m[33mTestWrapper[39m[33m>[39
m[33m<[39m[33mEditProfileScreen[39m [33m/[3
9m[33m>[39m[33m<[39m[33m/[39m[33mTestWrapp
er[39m[33m>[39m)[33m;[39m
     [90m     |[39m               
[31m[1m^[22m[39m
     [90m 191 |[39m
     [90m 192 |[39m         [36mconst[39m 
facultyTrigger [33m=[39m 
screen[33m.[39mgetByText([32m'Faculty 
A'[39m)[33m;[39m [90m// Currently 
selected[39m
     [90m 193 |[39m         fireEvent[33m.[39
mpress(facultyTrigger)[33m;[39m[0m

      at displayName (node_modules/react-native-c
ss-interop/src/runtime/third-party-libs/react-nat
ive-safe-area-context.native.tsx:22:21)
      at Object.<anonymous> (node_modules/react-n
ative-css-interop/src/runtime/wrap-jsx.ts:21:39)
      at createInteropElement (node_modules/nativ
e-base/lib/commonjs/core/NativeBaseProvider.tsx:8
4:7)
      at Object.react-stack-bottom-frame (node_mo
dules/react-test-renderer/cjs/react-test-renderer
.development.js:13976:20)
      at renderWithHooks (node_modules/react-test
-renderer/cjs/react-test-renderer.development.js:
2866:22)
      at updateFunctionComponent (node_modules/re
act-test-renderer/cjs/react-test-renderer.develop
ment.js:6006:19)
      at beginWork (node_modules/react-test-rende
rer/cjs/react-test-renderer.development.js:7474:1
8)
      at runWithFiberInDEV (node_modules/react-te
st-renderer/cjs/react-test-renderer.development.j
s:1574:13)
      at performUnitOfWork (node_modules/react-te
st-renderer/cjs/react-test-renderer.development.j
s:10972:22)
      at workLoopSync (node_modules/react-test-re
nderer/cjs/react-test-renderer.development.js:108
16:41)
      at renderRootSync (node_modules/react-test-
renderer/cjs/react-test-renderer.development.js:1
0797:11)
      at performWorkOnRoot (node_modules/react-te
st-renderer/cjs/react-test-renderer.development.j
s:10384:39)
      at performWorkOnRootViaSchedulerTask (node_
modules/react-test-renderer/cjs/react-test-render
er.development.js:2094:7)
      at flushActQueue (node_modules/react/cjs/re
act.development.js:566:34)
      at Object.<anonymous>.process.env.NODE_ENV.
exports.act (node_modules/react/cjs/react.develop
ment.js:859:10)
      at actImplementation (node_modules/@testing
-library/react-native/src/act.ts:30:25)
      at renderWithAct (node_modules/@testing-lib
rary/react-native/src/render-act.ts:13:11)
      at renderInternal (node_modules/@testing-li
brary/react-native/src/render.tsx:69:33)
      at renderInternal (node_modules/@testing-li
brary/react-native/src/render.tsx:44:10)
      at Object.<anonymous> (__tests__/components
/Profile/EditProfileScreen.test.tsx:190:15)
      at asyncGeneratorStep (node_modules/@babel/
runtime/helpers/asyncToGenerator.js:3:17)
      at _next (node_modules/@babel/runtime/helpe
rs/asyncToGenerator.js:17:9)
      at node_modules/@babel/runtime/helpers/asyn
cToGenerator.js:22:7
      at Object.<anonymous> (node_modules/@babel/
runtime/helpers/asyncToGenerator.js:14:12)

  ΓùÅ EditProfileScreen Component ΓÇ║ updates 
avatar successfully

    TypeError: Cannot read properties of 
undefined (reading 'displayName')

    [0m [90m 216 |[39m         })[33m;[39m
     [90m 217 |[39m
    [31m[1m>[22m[39m[90m 218 |[39m         
render([33m<[39m[33mTestWrapper[39m[33m>[39
m[33m<[39m[33mEditProfileScreen[39m [33m/[3
9m[33m>[39m[33m<[39m[33m/[39m[33mTestWrapp
er[39m[33m>[39m)[33m;[39m
     [90m     |[39m               
[31m[1m^[22m[39m
     [90m 219 |[39m
     [90m 220 |[39m         fireEvent[33m.[39
mpress(screen[33m.[39mgetByText([32m'Chß╗ënh 
sß╗¡a h├¼nh ß║únh hß╗ô s╞í'[39m))[33m;[39m
     [90m 221 |[39m[0m

      at displayName (node_modules/react-native-c
ss-interop/src/runtime/third-party-libs/react-nat
ive-safe-area-context.native.tsx:22:21)
      at Object.<anonymous> (node_modules/react-n
ative-css-interop/src/runtime/wrap-jsx.ts:21:39)
      at createInteropElement (node_modules/nativ
e-base/lib/commonjs/core/NativeBaseProvider.tsx:8
4:7)
      at Object.react-stack-bottom-frame (node_mo
dules/react-test-renderer/cjs/react-test-renderer
.development.js:13976:20)
      at renderWithHooks (node_modules/react-test
-renderer/cjs/react-test-renderer.development.js:
2866:22)
      at updateFunctionComponent (node_modules/re
act-test-renderer/cjs/react-test-renderer.develop
ment.js:6006:19)
      at beginWork (node_modules/react-test-rende
rer/cjs/react-test-renderer.development.js:7474:1
8)
      at runWithFiberInDEV (node_modules/react-te
st-renderer/cjs/react-test-renderer.development.j
s:1574:13)
      at performUnitOfWork (node_modules/react-te
st-renderer/cjs/react-test-renderer.development.j
s:10972:22)
      at workLoopSync (node_modules/react-test-re
nderer/cjs/react-test-renderer.development.js:108
16:41)
      at renderRootSync (node_modules/react-test-
renderer/cjs/react-test-renderer.development.js:1
0797:11)
      at performWorkOnRoot (node_modules/react-te
st-renderer/cjs/react-test-renderer.development.j
s:10384:39)
      at performWorkOnRootViaSchedulerTask (node_
modules/react-test-renderer/cjs/react-test-render
er.development.js:2094:7)
      at flushActQueue (node_modules/react/cjs/re
act.development.js:566:34)
      at Object.<anonymous>.process.env.NODE_ENV.
exports.act (node_modules/react/cjs/react.develop
ment.js:859:10)
      at actImplementation (node_modules/@testing
-library/react-native/src/act.ts:30:25)
      at renderWithAct (node_modules/@testing-lib
rary/react-native/src/render-act.ts:13:11)
      at renderInternal (node_modules/@testing-li
brary/react-native/src/render.tsx:69:33)
      at renderInternal (node_modules/@testing-li
brary/react-native/src/render.tsx:44:10)
      at Object.<anonymous> (__tests__/components
/Profile/EditProfileScreen.test.tsx:218:15)
      at asyncGeneratorStep (node_modules/@babel/
runtime/helpers/asyncToGenerator.js:3:17)
      at _next (node_modules/@babel/runtime/helpe
rs/asyncToGenerator.js:17:9)
      at node_modules/@babel/runtime/helpers/asyn
cToGenerator.js:22:7
      at Object.<anonymous> (node_modules/@babel/
runtime/helpers/asyncToGenerator.js:14:12)

  ΓùÅ EditProfileScreen Component ΓÇ║ handles 
api error on save

    TypeError: Cannot read properties of 
undefined (reading 'displayName')

    [0m [90m 238 |[39m         
mockMutateAsync[33m.[39mmockRejectedValue({ 
response[33m:[39m { data[33m:[39m { 
message[33m:[39m [32m'Update failed'[39m } } 
})[33m;[39m
     [90m 239 |[39m
    [31m[1m>[22m[39m[90m 240 |[39m         
render([33m<[39m[33mTestWrapper[39m[33m>[39
m[33m<[39m[33mEditProfileScreen[39m [33m/[3
9m[33m>[39m[33m<[39m[33m/[39m[33mTestWrapp
er[39m[33m>[39m)[33m;[39m
     [90m     |[39m               
[31m[1m^[22m[39m
     [90m 241 |[39m
     [90m 242 |[39m         [36mawait[39m fir
eEvent[33m.[39mpress(screen[33m.[39mgetByText
([32m'L╞░u'[39m))[33m;[39m
     [90m 243 |[39m[0m

      at displayName (node_modules/react-native-c
ss-interop/src/runtime/third-party-libs/react-nat
ive-safe-area-context.native.tsx:22:21)
      at Object.<anonymous> (node_modules/react-n
ative-css-interop/src/runtime/wrap-jsx.ts:21:39)
      at createInteropElement (node_modules/nativ
e-base/lib/commonjs/core/NativeBaseProvider.tsx:8
4:7)
      at Object.react-stack-bottom-frame (node_mo
dules/react-test-renderer/cjs/react-test-renderer
.development.js:13976:20)
      at renderWithHooks (node_modules/react-test
-renderer/cjs/react-test-renderer.development.js:
2866:22)
      at updateFunctionComponent (node_modules/re
act-test-renderer/cjs/react-test-renderer.develop
ment.js:6006:19)
      at beginWork (node_modules/react-test-rende
rer/cjs/react-test-renderer.development.js:7474:1
8)
      at runWithFiberInDEV (node_modules/react-te
st-renderer/cjs/react-test-renderer.development.j
s:1574:13)
      at performUnitOfWork (node_modules/react-te
st-renderer/cjs/react-test-renderer.development.j
s:10972:22)
      at workLoopSync (node_modules/react-test-re
nderer/cjs/react-test-renderer.development.js:108
16:41)
      at renderRootSync (node_modules/react-test-
renderer/cjs/react-test-renderer.development.js:1
0797:11)
      at performWorkOnRoot (node_modules/react-te
st-renderer/cjs/react-test-renderer.development.j
s:10384:39)
      at performWorkOnRootViaSchedulerTask (node_
modules/react-test-renderer/cjs/react-test-render
er.development.js:2094:7)
      at flushActQueue (node_modules/react/cjs/re
act.development.js:566:34)
      at Object.<anonymous>.process.env.NODE_ENV.
exports.act (node_modules/react/cjs/react.develop
ment.js:859:10)
      at actImplementation (node_modules/@testing
-library/react-native/src/act.ts:30:25)
      at renderWithAct (node_modules/@testing-lib
rary/react-native/src/render-act.ts:13:11)
      at renderInternal (node_modules/@testing-li
brary/react-native/src/render.tsx:69:33)
      at renderInternal (node_modules/@testing-li
brary/react-native/src/render.tsx:44:10)
      at Object.<anonymous> (__tests__/components
/Profile/EditProfileScreen.test.tsx:240:15)
      at asyncGeneratorStep (node_modules/@babel/
runtime/helpers/asyncToGenerator.js:3:17)
      at _next (node_modules/@babel/runtime/helpe
rs/asyncToGenerator.js:17:9)
      at node_modules/@babel/runtime/helpers/asyn
cToGenerator.js:22:7
      at Object.<anonymous> (node_modules/@babel/
runtime/helpers/asyncToGenerator.js:14:12)

  ΓùÅ EditProfileScreen Component ΓÇ║ handles 
image picker permission denied

    TypeError: Cannot read properties of 
undefined (reading 'displayName')

    [0m [90m 250 |[39m         ([33mImagePick
er[39m[33m.[39mrequestMediaLibraryPermissionsA
sync [36mas[39m jest[33m.[39m[33mMock[39m)
[33m.[39mmockResolvedValue({ granted[33m:[39m 
[36mfalse[39m })[33m;[39m
     [90m 251 |[39m
    [31m[1m>[22m[39m[90m 252 |[39m         
render([33m<[39m[33mTestWrapper[39m[33m>[39
m[33m<[39m[33mEditProfileScreen[39m [33m/[3
9m[33m>[39m[33m<[39m[33m/[39m[33mTestWrapp
er[39m[33m>[39m)[33m;[39m
     [90m     |[39m               
[31m[1m^[22m[39m
     [90m 253 |[39m
     [90m 254 |[39m         fireEvent[33m.[39
mpress(screen[33m.[39mgetByText([32m'Chß╗ënh 
sß╗¡a h├¼nh ß║únh hß╗ô s╞í'[39m))[33m;[39m
     [90m 255 |[39m[0m

      at displayName (node_modules/react-native-c
ss-interop/src/runtime/third-party-libs/react-nat
ive-safe-area-context.native.tsx:22:21)
      at Object.<anonymous> (node_modules/react-n
ative-css-interop/src/runtime/wrap-jsx.ts:21:39)
      at createInteropElement (node_modules/nativ
e-base/lib/commonjs/core/NativeBaseProvider.tsx:8
4:7)
      at Object.react-stack-bottom-frame (node_mo
dules/react-test-renderer/cjs/react-test-renderer
.development.js:13976:20)
      at renderWithHooks (node_modules/react-test
-renderer/cjs/react-test-renderer.development.js:
2866:22)
      at updateFunctionComponent (node_modules/re
act-test-renderer/cjs/react-test-renderer.develop
ment.js:6006:19)
      at beginWork (node_modules/react-test-rende
rer/cjs/react-test-renderer.development.js:7474:1
8)
      at runWithFiberInDEV (node_modules/react-te
st-renderer/cjs/react-test-renderer.development.j
s:1574:13)
      at performUnitOfWork (node_modules/react-te
st-renderer/cjs/react-test-renderer.development.j
s:10972:22)
      at workLoopSync (node_modules/react-test-re
nderer/cjs/react-test-renderer.development.js:108
16:41)
      at renderRootSync (node_modules/react-test-
renderer/cjs/react-test-renderer.development.js:1
0797:11)
      at performWorkOnRoot (node_modules/react-te
st-renderer/cjs/react-test-renderer.development.j
s:10384:39)
      at performWorkOnRootViaSchedulerTask (node_
modules/react-test-renderer/cjs/react-test-render
er.development.js:2094:7)
      at flushActQueue (node_modules/react/cjs/re
act.development.js:566:34)
      at Object.<anonymous>.process.env.NODE_ENV.
exports.act (node_modules/react/cjs/react.develop
ment.js:859:10)
      at actImplementation (node_modules/@testing
-library/react-native/src/act.ts:30:25)
      at renderWithAct (node_modules/@testing-lib
rary/react-native/src/render-act.ts:13:11)
      at renderInternal (node_modules/@testing-li
brary/react-native/src/render.tsx:69:33)
      at renderInternal (node_modules/@testing-li
brary/react-native/src/render.tsx:44:10)
      at Object.<anonymous> (__tests__/components
/Profile/EditProfileScreen.test.tsx:252:15)
      at asyncGeneratorStep (node_modules/@babel/
runtime/helpers/asyncToGenerator.js:3:17)
      at _next (node_modules/@babel/runtime/helpe
rs/asyncToGenerator.js:17:9)
      at node_modules/@babel/runtime/helpers/asyn
cToGenerator.js:22:7
      at Object.<anonymous> (node_modules/@babel/
runtime/helpers/asyncToGenerator.js:14:12)

Test Suites: 1 failed, 1 total
Tests:       11 failed, 11 total
Snapshots:   0 total
Time:        3.127 s, estimated 4 s
Ran all test suites matching /__tests__\\componen
ts\\Profile\\EditProfileScreen.test.tsx/i.
