
> bkdocs-frontend@1.0.0 test
> jest __tests__/app/\(app\)/select-faculty/SelectFaculty.test.tsx

node.exe : [baseline-browser-mapping] The data 
in this module is over two months old.  To 
ensure accurate Baseline data, please update: 
`npm i baseline-browser-mapping@latest -D`
At C:\Program Files\nodejs\npm.ps1:29 char:3
+   & $NODE_EXE $NPM_CLI_JS $args
+   ~~~~~~~~~~~~~~~~~~~~~~~~~~~~~
    + CategoryInfo          : NotSpecified: ([ba 
   seline-brows...ping@latest -D`:String) [], R  
  emoteException
    + FullyQualifiedErrorId : NativeCommandError
 
FAIL __tests__/app/(app)/select-faculty/SelectFac
ulty.test.tsx
  SelectFacultyScreen
    ├ù renders loading skeletons (40 ms)
    ├ù renders faculty list (4 ms)
    ├ù filters faculties by search query (4 ms)
    ├ù toggles selection (3 ms)
    ├ù handles select all (4 ms)
    ├ù saves selection (2 ms)
    ├ù initializes with redux state (1 ms)
    ├ù tracks analytics on mount (1 ms)

  ΓùÅ SelectFacultyScreen ΓÇ║ renders loading 
skeletons

    TypeError: Cannot read properties of 
undefined (reading 'displayName')

    [0m [90m 93 |[39m         })[33m;[39m
     [90m 94 |[39m
    [31m[1m>[22m[39m[90m 95 |[39m         
render(
     [90m    |[39m               
[31m[1m^[22m[39m
     [90m 96 |[39m             
[33m<[39m[33mTestWrapper[39m[33m>[39m
     [90m 97 |[39m                 
[33m<[39m[33mSelectFacultyScreen[39m 
[33m/[39m[33m>[39m
     [90m 98 |[39m             [33m<[39m[33m
/[39m[33mTestWrapper[39m[33m>[39m[0m

      at displayName (node_modules/react-native-c
ss-interop/src/runtime/third-party-libs/react-nat
ive-safe-area-context.native.tsx:22:21)
      at Object.<anonymous> (node_modules/react-n
ative-css-interop/src/runtime/wrap-jsx.ts:21:39)
      at createInteropElement (node_modules/nativ
e-base/lib/commonjs/core/NativeBaseProvider.tsx:8
4:7)
      at Object.react-stack-bottom-frame (node_mo
dules/react-test-renderer/cjs/react-test-renderer
.development.js:13976:20)
      at renderWithHooks (node_modules/react-test
-renderer/cjs/react-test-renderer.development.js:
2866:22)
      at updateFunctionComponent (node_modules/re
act-test-renderer/cjs/react-test-renderer.develop
ment.js:6006:19)
      at beginWork (node_modules/react-test-rende
rer/cjs/react-test-renderer.development.js:7474:1
8)
      at runWithFiberInDEV (node_modules/react-te
st-renderer/cjs/react-test-renderer.development.j
s:1574:13)
      at performUnitOfWork (node_modules/react-te
st-renderer/cjs/react-test-renderer.development.j
s:10972:22)
      at workLoopSync (node_modules/react-test-re
nderer/cjs/react-test-renderer.development.js:108
16:41)
      at renderRootSync (node_modules/react-test-
renderer/cjs/react-test-renderer.development.js:1
0797:11)
      at performWorkOnRoot (node_modules/react-te
st-renderer/cjs/react-test-renderer.development.j
s:10384:39)
      at performWorkOnRootViaSchedulerTask (node_
modules/react-test-renderer/cjs/react-test-render
er.development.js:2094:7)
      at flushActQueue (node_modules/react/cjs/re
act.development.js:566:34)
      at Object.<anonymous>.process.env.NODE_ENV.
exports.act (node_modules/react/cjs/react.develop
ment.js:859:10)
      at actImplementation (node_modules/@testing
-library/react-native/src/act.ts:30:25)
      at renderWithAct (node_modules/@testing-lib
rary/react-native/src/render-act.ts:13:11)
      at renderInternal (node_modules/@testing-li
brary/react-native/src/render.tsx:69:33)
      at renderInternal (node_modules/@testing-li
brary/react-native/src/render.tsx:44:10)
      at Object.<anonymous> (D:\bkdocs-frontend\_
_tests__\app\(app)../select-faculty/SelectFaculty
.test.tsx:95:15)

  ΓùÅ SelectFacultyScreen ΓÇ║ renders faculty 
list

    TypeError: Cannot read properties of 
undefined (reading 'displayName')

    [0m [90m 110 |[39m         })[33m;[39m
     [90m 111 |[39m
    [31m[1m>[22m[39m[90m 112 |[39m         
render(
     [90m     |[39m               
[31m[1m^[22m[39m
     [90m 113 |[39m             
[33m<[39m[33mTestWrapper[39m[33m>[39m
     [90m 114 |[39m                 
[33m<[39m[33mSelectFacultyScreen[39m 
[33m/[39m[33m>[39m
     [90m 115 |[39m             [33m<[39m[33
m/[39m[33mTestWrapper[39m[33m>[39m[0m

      at displayName (node_modules/react-native-c
ss-interop/src/runtime/third-party-libs/react-nat
ive-safe-area-context.native.tsx:22:21)
      at Object.<anonymous> (node_modules/react-n
ative-css-interop/src/runtime/wrap-jsx.ts:21:39)
      at createInteropElement (node_modules/nativ
e-base/lib/commonjs/core/NativeBaseProvider.tsx:8
4:7)
      at Object.react-stack-bottom-frame (node_mo
dules/react-test-renderer/cjs/react-test-renderer
.development.js:13976:20)
      at renderWithHooks (node_modules/react-test
-renderer/cjs/react-test-renderer.development.js:
2866:22)
      at updateFunctionComponent (node_modules/re
act-test-renderer/cjs/react-test-renderer.develop
ment.js:6006:19)
      at beginWork (node_modules/react-test-rende
rer/cjs/react-test-renderer.development.js:7474:1
8)
      at runWithFiberInDEV (node_modules/react-te
st-renderer/cjs/react-test-renderer.development.j
s:1574:13)
      at performUnitOfWork (node_modules/react-te
st-renderer/cjs/react-test-renderer.development.j
s:10972:22)
      at workLoopSync (node_modules/react-test-re
nderer/cjs/react-test-renderer.development.js:108
16:41)
      at renderRootSync (node_modules/react-test-
renderer/cjs/react-test-renderer.development.js:1
0797:11)
      at performWorkOnRoot (node_modules/react-te
st-renderer/cjs/react-test-renderer.development.j
s:10384:39)
      at performWorkOnRootViaSchedulerTask (node_
modules/react-test-renderer/cjs/react-test-render
er.development.js:2094:7)
      at flushActQueue (node_modules/react/cjs/re
act.development.js:566:34)
      at Object.<anonymous>.process.env.NODE_ENV.
exports.act (node_modules/react/cjs/react.develop
ment.js:859:10)
      at actImplementation (node_modules/@testing
-library/react-native/src/act.ts:30:25)
      at renderWithAct (node_modules/@testing-lib
rary/react-native/src/render-act.ts:13:11)
      at renderInternal (node_modules/@testing-li
brary/react-native/src/render.tsx:69:33)
      at renderInternal (node_modules/@testing-li
brary/react-native/src/render.tsx:44:10)
      at Object.<anonymous> (D:\bkdocs-frontend\_
_tests__\app\(app)../select-faculty/SelectFaculty
.test.tsx:112:15)

  ΓùÅ SelectFacultyScreen ΓÇ║ filters faculties 
by search query

    TypeError: Cannot read properties of 
undefined (reading 'displayName')

    [0m [90m 127 |[39m         })[33m;[39m
     [90m 128 |[39m
    [31m[1m>[22m[39m[90m 129 |[39m         
render(
     [90m     |[39m               
[31m[1m^[22m[39m
     [90m 130 |[39m             
[33m<[39m[33mTestWrapper[39m[33m>[39m
     [90m 131 |[39m                 
[33m<[39m[33mSelectFacultyScreen[39m 
[33m/[39m[33m>[39m
     [90m 132 |[39m             [33m<[39m[33
m/[39m[33mTestWrapper[39m[33m>[39m[0m

      at displayName (node_modules/react-native-c
ss-interop/src/runtime/third-party-libs/react-nat
ive-safe-area-context.native.tsx:22:21)
      at Object.<anonymous> (node_modules/react-n
ative-css-interop/src/runtime/wrap-jsx.ts:21:39)
      at createInteropElement (node_modules/nativ
e-base/lib/commonjs/core/NativeBaseProvider.tsx:8
4:7)
      at Object.react-stack-bottom-frame (node_mo
dules/react-test-renderer/cjs/react-test-renderer
.development.js:13976:20)
      at renderWithHooks (node_modules/react-test
-renderer/cjs/react-test-renderer.development.js:
2866:22)
      at updateFunctionComponent (node_modules/re
act-test-renderer/cjs/react-test-renderer.develop
ment.js:6006:19)
      at beginWork (node_modules/react-test-rende
rer/cjs/react-test-renderer.development.js:7474:1
8)
      at runWithFiberInDEV (node_modules/react-te
st-renderer/cjs/react-test-renderer.development.j
s:1574:13)
      at performUnitOfWork (node_modules/react-te
st-renderer/cjs/react-test-renderer.development.j
s:10972:22)
      at workLoopSync (node_modules/react-test-re
nderer/cjs/react-test-renderer.development.js:108
16:41)
      at renderRootSync (node_modules/react-test-
renderer/cjs/react-test-renderer.development.js:1
0797:11)
      at performWorkOnRoot (node_modules/react-te
st-renderer/cjs/react-test-renderer.development.j
s:10384:39)
      at performWorkOnRootViaSchedulerTask (node_
modules/react-test-renderer/cjs/react-test-render
er.development.js:2094:7)
      at flushActQueue (node_modules/react/cjs/re
act.development.js:566:34)
      at Object.<anonymous>.process.env.NODE_ENV.
exports.act (node_modules/react/cjs/react.develop
ment.js:859:10)
      at actImplementation (node_modules/@testing
-library/react-native/src/act.ts:30:25)
      at renderWithAct (node_modules/@testing-lib
rary/react-native/src/render-act.ts:13:11)
      at renderInternal (node_modules/@testing-li
brary/react-native/src/render.tsx:69:33)
      at renderInternal (node_modules/@testing-li
brary/react-native/src/render.tsx:44:10)
      at Object.<anonymous> (D:\bkdocs-frontend\_
_tests__\app\(app)../select-faculty/SelectFaculty
.test.tsx:129:15)

  ΓùÅ SelectFacultyScreen ΓÇ║ toggles selection

    TypeError: Cannot read properties of 
undefined (reading 'displayName')

    [0m [90m 151 |[39m         })[33m;[39m
     [90m 152 |[39m
    [31m[1m>[22m[39m[90m 153 |[39m         
render(
     [90m     |[39m               
[31m[1m^[22m[39m
     [90m 154 |[39m             
[33m<[39m[33mTestWrapper[39m[33m>[39m
     [90m 155 |[39m                 
[33m<[39m[33mSelectFacultyScreen[39m 
[33m/[39m[33m>[39m
     [90m 156 |[39m             [33m<[39m[33
m/[39m[33mTestWrapper[39m[33m>[39m[0m

      at displayName (node_modules/react-native-c
ss-interop/src/runtime/third-party-libs/react-nat
ive-safe-area-context.native.tsx:22:21)
      at Object.<anonymous> (node_modules/react-n
ative-css-interop/src/runtime/wrap-jsx.ts:21:39)
      at createInteropElement (node_modules/nativ
e-base/lib/commonjs/core/NativeBaseProvider.tsx:8
4:7)
      at Object.react-stack-bottom-frame (node_mo
dules/react-test-renderer/cjs/react-test-renderer
.development.js:13976:20)
      at renderWithHooks (node_modules/react-test
-renderer/cjs/react-test-renderer.development.js:
2866:22)
      at updateFunctionComponent (node_modules/re
act-test-renderer/cjs/react-test-renderer.develop
ment.js:6006:19)
      at beginWork (node_modules/react-test-rende
rer/cjs/react-test-renderer.development.js:7474:1
8)
      at runWithFiberInDEV (node_modules/react-te
st-renderer/cjs/react-test-renderer.development.j
s:1574:13)
      at performUnitOfWork (node_modules/react-te
st-renderer/cjs/react-test-renderer.development.j
s:10972:22)
      at workLoopSync (node_modules/react-test-re
nderer/cjs/react-test-renderer.development.js:108
16:41)
      at renderRootSync (node_modules/react-test-
renderer/cjs/react-test-renderer.development.js:1
0797:11)
      at performWorkOnRoot (node_modules/react-te
st-renderer/cjs/react-test-renderer.development.j
s:10384:39)
      at performWorkOnRootViaSchedulerTask (node_
modules/react-test-renderer/cjs/react-test-render
er.development.js:2094:7)
      at flushActQueue (node_modules/react/cjs/re
act.development.js:566:34)
      at Object.<anonymous>.process.env.NODE_ENV.
exports.act (node_modules/react/cjs/react.develop
ment.js:859:10)
      at actImplementation (node_modules/@testing
-library/react-native/src/act.ts:30:25)
      at renderWithAct (node_modules/@testing-lib
rary/react-native/src/render-act.ts:13:11)
      at renderInternal (node_modules/@testing-li
brary/react-native/src/render.tsx:69:33)
      at renderInternal (node_modules/@testing-li
brary/react-native/src/render.tsx:44:10)
      at Object.<anonymous> (D:\bkdocs-frontend\_
_tests__\app\(app)../select-faculty/SelectFaculty
.test.tsx:153:15)

  ΓùÅ SelectFacultyScreen ΓÇ║ handles select all

    TypeError: Cannot read properties of 
undefined (reading 'displayName')

    [0m [90m 174 |[39m         })[33m;[39m
     [90m 175 |[39m
    [31m[1m>[22m[39m[90m 176 |[39m         
render(
     [90m     |[39m               
[31m[1m^[22m[39m
     [90m 177 |[39m             
[33m<[39m[33mTestWrapper[39m[33m>[39m
     [90m 178 |[39m                 
[33m<[39m[33mSelectFacultyScreen[39m 
[33m/[39m[33m>[39m
     [90m 179 |[39m             [33m<[39m[33
m/[39m[33mTestWrapper[39m[33m>[39m[0m

      at displayName (node_modules/react-native-c
ss-interop/src/runtime/third-party-libs/react-nat
ive-safe-area-context.native.tsx:22:21)
      at Object.<anonymous> (node_modules/react-n
ative-css-interop/src/runtime/wrap-jsx.ts:21:39)
      at createInteropElement (node_modules/nativ
e-base/lib/commonjs/core/NativeBaseProvider.tsx:8
4:7)
      at Object.react-stack-bottom-frame (node_mo
dules/react-test-renderer/cjs/react-test-renderer
.development.js:13976:20)
      at renderWithHooks (node_modules/react-test
-renderer/cjs/react-test-renderer.development.js:
2866:22)
      at updateFunctionComponent (node_modules/re
act-test-renderer/cjs/react-test-renderer.develop
ment.js:6006:19)
      at beginWork (node_modules/react-test-rende
rer/cjs/react-test-renderer.development.js:7474:1
8)
      at runWithFiberInDEV (node_modules/react-te
st-renderer/cjs/react-test-renderer.development.j
s:1574:13)
      at performUnitOfWork (node_modules/react-te
st-renderer/cjs/react-test-renderer.development.j
s:10972:22)
      at workLoopSync (node_modules/react-test-re
nderer/cjs/react-test-renderer.development.js:108
16:41)
      at renderRootSync (node_modules/react-test-
renderer/cjs/react-test-renderer.development.js:1
0797:11)
      at performWorkOnRoot (node_modules/react-te
st-renderer/cjs/react-test-renderer.development.j
s:10384:39)
      at performWorkOnRootViaSchedulerTask (node_
modules/react-test-renderer/cjs/react-test-render
er.development.js:2094:7)
      at flushActQueue (node_modules/react/cjs/re
act.development.js:566:34)
      at Object.<anonymous>.process.env.NODE_ENV.
exports.act (node_modules/react/cjs/react.develop
ment.js:859:10)
      at actImplementation (node_modules/@testing
-library/react-native/src/act.ts:30:25)
      at renderWithAct (node_modules/@testing-lib
rary/react-native/src/render-act.ts:13:11)
      at renderInternal (node_modules/@testing-li
brary/react-native/src/render.tsx:69:33)
      at renderInternal (node_modules/@testing-li
brary/react-native/src/render.tsx:44:10)
      at Object.<anonymous> (D:\bkdocs-frontend\_
_tests__\app\(app)../select-faculty/SelectFaculty
.test.tsx:176:15)

  ΓùÅ SelectFacultyScreen ΓÇ║ saves selection

    TypeError: Cannot read properties of 
undefined (reading 'displayName')

    [0m [90m 195 |[39m         })[33m;[39m
     [90m 196 |[39m
    [31m[1m>[22m[39m[90m 197 |[39m         
render(
     [90m     |[39m               
[31m[1m^[22m[39m
     [90m 198 |[39m             
[33m<[39m[33mTestWrapper[39m[33m>[39m
     [90m 199 |[39m                 
[33m<[39m[33mSelectFacultyScreen[39m 
[33m/[39m[33m>[39m
     [90m 200 |[39m             [33m<[39m[33
m/[39m[33mTestWrapper[39m[33m>[39m[0m

      at displayName (node_modules/react-native-c
ss-interop/src/runtime/third-party-libs/react-nat
ive-safe-area-context.native.tsx:22:21)
      at Object.<anonymous> (node_modules/react-n
ative-css-interop/src/runtime/wrap-jsx.ts:21:39)
      at createInteropElement (node_modules/nativ
e-base/lib/commonjs/core/NativeBaseProvider.tsx:8
4:7)
      at Object.react-stack-bottom-frame (node_mo
dules/react-test-renderer/cjs/react-test-renderer
.development.js:13976:20)
      at renderWithHooks (node_modules/react-test
-renderer/cjs/react-test-renderer.development.js:
2866:22)
      at updateFunctionComponent (node_modules/re
act-test-renderer/cjs/react-test-renderer.develop
ment.js:6006:19)
      at beginWork (node_modules/react-test-rende
rer/cjs/react-test-renderer.development.js:7474:1
8)
      at runWithFiberInDEV (node_modules/react-te
st-renderer/cjs/react-test-renderer.development.j
s:1574:13)
      at performUnitOfWork (node_modules/react-te
st-renderer/cjs/react-test-renderer.development.j
s:10972:22)
      at workLoopSync (node_modules/react-test-re
nderer/cjs/react-test-renderer.development.js:108
16:41)
      at renderRootSync (node_modules/react-test-
renderer/cjs/react-test-renderer.development.js:1
0797:11)
      at performWorkOnRoot (node_modules/react-te
st-renderer/cjs/react-test-renderer.development.j
s:10384:39)
      at performWorkOnRootViaSchedulerTask (node_
modules/react-test-renderer/cjs/react-test-render
er.development.js:2094:7)
      at flushActQueue (node_modules/react/cjs/re
act.development.js:566:34)
      at Object.<anonymous>.process.env.NODE_ENV.
exports.act (node_modules/react/cjs/react.develop
ment.js:859:10)
      at actImplementation (node_modules/@testing
-library/react-native/src/act.ts:30:25)
      at renderWithAct (node_modules/@testing-lib
rary/react-native/src/render-act.ts:13:11)
      at renderInternal (node_modules/@testing-li
brary/react-native/src/render.tsx:69:33)
      at renderInternal (node_modules/@testing-li
brary/react-native/src/render.tsx:44:10)
      at Object.<anonymous> (D:\bkdocs-frontend\_
_tests__\app\(app)../select-faculty/SelectFaculty
.test.tsx:197:15)

  ΓùÅ SelectFacultyScreen ΓÇ║ initializes with 
redux state

    TypeError: Cannot read properties of 
undefined (reading 'displayName')

    [0m [90m 217 |[39m         })[33m;[39m
     [90m 218 |[39m
    [31m[1m>[22m[39m[90m 219 |[39m         
render(
     [90m     |[39m               
[31m[1m^[22m[39m
     [90m 220 |[39m             
[33m<[39m[33mTestWrapper[39m[33m>[39m
     [90m 221 |[39m                 
[33m<[39m[33mSelectFacultyScreen[39m 
[33m/[39m[33m>[39m
     [90m 222 |[39m             [33m<[39m[33
m/[39m[33mTestWrapper[39m[33m>[39m[0m

      at displayName (node_modules/react-native-c
ss-interop/src/runtime/third-party-libs/react-nat
ive-safe-area-context.native.tsx:22:21)
      at Object.<anonymous> (node_modules/react-n
ative-css-interop/src/runtime/wrap-jsx.ts:21:39)
      at createInteropElement (node_modules/nativ
e-base/lib/commonjs/core/NativeBaseProvider.tsx:8
4:7)
      at Object.react-stack-bottom-frame (node_mo
dules/react-test-renderer/cjs/react-test-renderer
.development.js:13976:20)
      at renderWithHooks (node_modules/react-test
-renderer/cjs/react-test-renderer.development.js:
2866:22)
      at updateFunctionComponent (node_modules/re
act-test-renderer/cjs/react-test-renderer.develop
ment.js:6006:19)
      at beginWork (node_modules/react-test-rende
rer/cjs/react-test-renderer.development.js:7474:1
8)
      at runWithFiberInDEV (node_modules/react-te
st-renderer/cjs/react-test-renderer.development.j
s:1574:13)
      at performUnitOfWork (node_modules/react-te
st-renderer/cjs/react-test-renderer.development.j
s:10972:22)
      at workLoopSync (node_modules/react-test-re
nderer/cjs/react-test-renderer.development.js:108
16:41)
      at renderRootSync (node_modules/react-test-
renderer/cjs/react-test-renderer.development.js:1
0797:11)
      at performWorkOnRoot (node_modules/react-te
st-renderer/cjs/react-test-renderer.development.j
s:10384:39)
      at performWorkOnRootViaSchedulerTask (node_
modules/react-test-renderer/cjs/react-test-render
er.development.js:2094:7)
      at flushActQueue (node_modules/react/cjs/re
act.development.js:566:34)
      at Object.<anonymous>.process.env.NODE_ENV.
exports.act (node_modules/react/cjs/react.develop
ment.js:859:10)
      at actImplementation (node_modules/@testing
-library/react-native/src/act.ts:30:25)
      at renderWithAct (node_modules/@testing-lib
rary/react-native/src/render-act.ts:13:11)
      at renderInternal (node_modules/@testing-li
brary/react-native/src/render.tsx:69:33)
      at renderInternal (node_modules/@testing-li
brary/react-native/src/render.tsx:44:10)
      at Object.<anonymous> (D:\bkdocs-frontend\_
_tests__\app\(app)../select-faculty/SelectFaculty
.test.tsx:219:15)

  ΓùÅ SelectFacultyScreen ΓÇ║ tracks analytics 
on mount

    TypeError: Cannot read properties of 
undefined (reading 'displayName')

    [0m [90m 232 |[39m         })[33m;[39m
     [90m 233 |[39m
    [31m[1m>[22m[39m[90m 234 |[39m         
render(
     [90m     |[39m               
[31m[1m^[22m[39m
     [90m 235 |[39m             
[33m<[39m[33mTestWrapper[39m[33m>[39m
     [90m 236 |[39m                 
[33m<[39m[33mSelectFacultyScreen[39m 
[33m/[39m[33m>[39m
     [90m 237 |[39m             [33m<[39m[33
m/[39m[33mTestWrapper[39m[33m>[39m[0m

      at displayName (node_modules/react-native-c
ss-interop/src/runtime/third-party-libs/react-nat
ive-safe-area-context.native.tsx:22:21)
      at Object.<anonymous> (node_modules/react-n
ative-css-interop/src/runtime/wrap-jsx.ts:21:39)
      at createInteropElement (node_modules/nativ
e-base/lib/commonjs/core/NativeBaseProvider.tsx:8
4:7)
      at Object.react-stack-bottom-frame (node_mo
dules/react-test-renderer/cjs/react-test-renderer
.development.js:13976:20)
      at renderWithHooks (node_modules/react-test
-renderer/cjs/react-test-renderer.development.js:
2866:22)
      at updateFunctionComponent (node_modules/re
act-test-renderer/cjs/react-test-renderer.develop
ment.js:6006:19)
      at beginWork (node_modules/react-test-rende
rer/cjs/react-test-renderer.development.js:7474:1
8)
      at runWithFiberInDEV (node_modules/react-te
st-renderer/cjs/react-test-renderer.development.j
s:1574:13)
      at performUnitOfWork (node_modules/react-te
st-renderer/cjs/react-test-renderer.development.j
s:10972:22)
      at workLoopSync (node_modules/react-test-re
nderer/cjs/react-test-renderer.development.js:108
16:41)
      at renderRootSync (node_modules/react-test-
renderer/cjs/react-test-renderer.development.js:1
0797:11)
      at performWorkOnRoot (node_modules/react-te
st-renderer/cjs/react-test-renderer.development.j
s:10384:39)
      at performWorkOnRootViaSchedulerTask (node_
modules/react-test-renderer/cjs/react-test-render
er.development.js:2094:7)
      at flushActQueue (node_modules/react/cjs/re
act.development.js:566:34)
      at Object.<anonymous>.process.env.NODE_ENV.
exports.act (node_modules/react/cjs/react.develop
ment.js:859:10)
      at actImplementation (node_modules/@testing
-library/react-native/src/act.ts:30:25)
      at renderWithAct (node_modules/@testing-lib
rary/react-native/src/render-act.ts:13:11)
      at renderInternal (node_modules/@testing-li
brary/react-native/src/render.tsx:69:33)
      at renderInternal (node_modules/@testing-li
brary/react-native/src/render.tsx:44:10)
      at Object.<anonymous> (D:\bkdocs-frontend\_
_tests__\app\(app)../select-faculty/SelectFaculty
.test.tsx:234:15)

Test Suites: 1 failed, 1 total
Tests:       8 failed, 8 total
Snapshots:   0 total
Time:        3.311 s
Ran all test suites matching /__tests__\\app\\\(a
pp\)\\select-faculty\\SelectFaculty.test.tsx/i.
