
> bkdocs-frontend@1.0.0 test
> jest ProfilByIdScreen.test.tsx

